+ cd '/home/coder/devops-sst/Final DevOps Project & Troubleshooting/taskboard'
+ docker compose up -d --build
 postgres Pulling 
 e2de96513ba9 Pulling fs layer 
 1b7f9cd581ee Pulling fs layer 
 210b280f9556 Pulling fs layer 
 81717818649a Pulling fs layer 
 3ae6141cfd99 Pulling fs layer 
 25b77f59fd95 Pulling fs layer 
 6c25da34e03f Pulling fs layer 
 a88782f92806 Pulling fs layer 
 d8d21be4bf02 Pulling fs layer 
 6117bd39f23f Pulling fs layer 
 509688edf37b Pulling fs layer 
 6c25da34e03f Waiting 
 a88782f92806 Waiting 
 d8d21be4bf02 Waiting 
 6117bd39f23f Waiting 
 509688edf37b Waiting 
 81717818649a Waiting 
 3ae6141cfd99 Waiting 
 25b77f59fd95 Waiting 
 1b7f9cd581ee Downloading [==================================================>]     969B/969B
 e2de96513ba9 Downloading [>                                                  ]  48.51kB/3.85MB
 1b7f9cd581ee Verifying Checksum 
 1b7f9cd581ee Download complete 
 e2de96513ba9 Verifying Checksum 
 e2de96513ba9 Download complete 
 e2de96513ba9 Extracting [>                                                  ]  65.54kB/3.85MB
 210b280f9556 Downloading [>                                                  ]  15.74kB/901.4kB
 210b280f9556 Verifying Checksum 
 210b280f9556 Download complete 
 e2de96513ba9 Extracting [===>                                               ]  262.1kB/3.85MB
 e2de96513ba9 Extracting [==============>                                    ]  1.114MB/3.85MB
 e2de96513ba9 Extracting [==================================>                ]  2.621MB/3.85MB
 e2de96513ba9 Extracting [==================================================>]   3.85MB/3.85MB
 e2de96513ba9 Extracting [==================================================>]   3.85MB/3.85MB
 25b77f59fd95 Downloading [>                                                  ]  538.9kB/111.3MB
 3ae6141cfd99 Downloading [==================================================>]     116B/116B
 81717818649a Downloading [==================================================>]     172B/172B
 3ae6141cfd99 Verifying Checksum 
 3ae6141cfd99 Download complete 
 81717818649a Verifying Checksum 
 81717818649a Download complete 
 e2de96513ba9 Pull complete 
 25b77f59fd95 Downloading [===>                                               ]  8.519MB/111.3MB
 1b7f9cd581ee Extracting [==================================================>]     969B/969B
 1b7f9cd581ee Extracting [==================================================>]     969B/969B
 25b77f59fd95 Downloading [=======>                                           ]  15.96MB/111.3MB
 1b7f9cd581ee Pull complete 
 25b77f59fd95 Downloading [===========>                                       ]   24.5MB/111.3MB
 210b280f9556 Extracting [=>                                                 ]  32.77kB/901.4kB
 25b77f59fd95 Downloading [=============>                                     ]  30.88MB/111.3MB
 25b77f59fd95 Downloading [==============>                                    ]  31.42MB/111.3MB
 a88782f92806 Downloading [==================================================>]     128B/128B
 a88782f92806 Verifying Checksum 
 a88782f92806 Download complete 
 25b77f59fd95 Downloading [================>                                  ]  37.32MB/111.3MB
 210b280f9556 Extracting [==============>                                    ]  262.1kB/901.4kB
 6c25da34e03f Downloading [==================>                                ]  3.502kB/9.669kB
 6c25da34e03f Downloading [==================================================>]  9.669kB/9.669kB
 25b77f59fd95 Downloading [======================>                            ]  50.64MB/111.3MB
 6c25da34e03f Verifying Checksum 
 6c25da34e03f Download complete 
 210b280f9556 Extracting [==================================================>]  901.4kB/901.4kB
 25b77f59fd95 Downloading [==========================>                        ]  58.61MB/111.3MB
 25b77f59fd95 Downloading [============================>                      ]   62.9MB/111.3MB
 25b77f59fd95 Downloading [============================>                      ]   64.5MB/111.3MB
 d8d21be4bf02 Downloading [==================================================>]     169B/169B
 6117bd39f23f Downloading [============================>                      ]  3.502kB/6.111kB
 25b77f59fd95 Downloading [==============================>                    ]  68.79MB/111.3MB
 6117bd39f23f Download complete 
 d8d21be4bf02 Verifying Checksum 
 d8d21be4bf02 Download complete 
 210b280f9556 Pull complete 
 25b77f59fd95 Downloading [=================================>                 ]  74.65MB/111.3MB
 81717818649a Extracting [==================================================>]     172B/172B
 81717818649a Extracting [==================================================>]     172B/172B
 25b77f59fd95 Downloading [====================================>              ]  80.51MB/111.3MB
 81717818649a Pull complete 
 25b77f59fd95 Downloading [=======================================>           ]  87.45MB/111.3MB
 3ae6141cfd99 Extracting [==================================================>]     116B/116B
 3ae6141cfd99 Extracting [==================================================>]     116B/116B
 3ae6141cfd99 Pull complete 
 509688edf37b Downloading [==================================================>]     185B/185B
 509688edf37b Verifying Checksum 
 509688edf37b Download complete 
 25b77f59fd95 Downloading [==========================================>        ]  94.39MB/111.3MB
 25b77f59fd95 Downloading [===============================================>   ]  106.1MB/111.3MB
 25b77f59fd95 Verifying Checksum 
 25b77f59fd95 Download complete 
 25b77f59fd95 Extracting [>                                                  ]  557.1kB/111.3MB
 25b77f59fd95 Extracting [>                                                  ]  1.114MB/111.3MB
 25b77f59fd95 Extracting [=>                                                 ]  2.785MB/111.3MB
 25b77f59fd95 Extracting [==>                                                ]  6.128MB/111.3MB
 25b77f59fd95 Extracting [====>                                              ]   9.47MB/111.3MB
 25b77f59fd95 Extracting [=====>                                             ]  12.81MB/111.3MB
 25b77f59fd95 Extracting [======>                                            ]  15.04MB/111.3MB
 25b77f59fd95 Extracting [=======>                                           ]  17.27MB/111.3MB
 25b77f59fd95 Extracting [=========>                                         ]  20.61MB/111.3MB
 25b77f59fd95 Extracting [==========>                                        ]  22.84MB/111.3MB
 25b77f59fd95 Extracting [===========>                                       ]  24.51MB/111.3MB
 25b77f59fd95 Extracting [============>                                      ]  26.74MB/111.3MB
 25b77f59fd95 Extracting [=============>                                     ]  29.52MB/111.3MB
 25b77f59fd95 Extracting [==============>                                    ]  32.31MB/111.3MB
 25b77f59fd95 Extracting [===============>                                   ]  34.54MB/111.3MB
 25b77f59fd95 Extracting [=================>                                 ]  37.88MB/111.3MB
 25b77f59fd95 Extracting [==================>                                ]  41.22MB/111.3MB
 25b77f59fd95 Extracting [====================>                              ]  45.12MB/111.3MB
 25b77f59fd95 Extracting [======================>                            ]  49.02MB/111.3MB
 25b77f59fd95 Extracting [=======================>                           ]  52.92MB/111.3MB
 25b77f59fd95 Extracting [========================>                          ]  54.59MB/111.3MB
 25b77f59fd95 Extracting [=========================>                         ]  56.26MB/111.3MB
 25b77f59fd95 Extracting [==========================>                        ]  58.49MB/111.3MB
 25b77f59fd95 Extracting [===========================>                       ]  60.72MB/111.3MB
 25b77f59fd95 Extracting [============================>                      ]  62.95MB/111.3MB
 25b77f59fd95 Extracting [=============================>                     ]  65.73MB/111.3MB
 25b77f59fd95 Extracting [==============================>                    ]  67.96MB/111.3MB
 25b77f59fd95 Extracting [===============================>                   ]  69.63MB/111.3MB
 25b77f59fd95 Extracting [===============================>                   ]  70.75MB/111.3MB
 25b77f59fd95 Extracting [=================================>                 ]  74.09MB/111.3MB
 25b77f59fd95 Extracting [==================================>                ]  76.87MB/111.3MB
 25b77f59fd95 Extracting [===================================>               ]  79.66MB/111.3MB
 25b77f59fd95 Extracting [====================================>              ]  81.33MB/111.3MB
 25b77f59fd95 Extracting [====================================>              ]  81.89MB/111.3MB
 25b77f59fd95 Extracting [=====================================>             ]  82.44MB/111.3MB
 25b77f59fd95 Extracting [=====================================>             ]  84.12MB/111.3MB
 25b77f59fd95 Extracting [======================================>            ]  85.79MB/111.3MB
 25b77f59fd95 Extracting [=======================================>           ]  88.01MB/111.3MB
 25b77f59fd95 Extracting [========================================>          ]  89.69MB/111.3MB
 25b77f59fd95 Extracting [=========================================>         ]  91.36MB/111.3MB
 25b77f59fd95 Extracting [==========================================>        ]  94.14MB/111.3MB
 25b77f59fd95 Extracting [===========================================>       ]  96.93MB/111.3MB
 25b77f59fd95 Extracting [============================================>      ]  98.04MB/111.3MB
 25b77f59fd95 Extracting [=============================================>     ]  100.8MB/111.3MB
 25b77f59fd95 Extracting [==============================================>    ]  104.2MB/111.3MB
 25b77f59fd95 Extracting [================================================>  ]  107.5MB/111.3MB
 25b77f59fd95 Extracting [=================================================> ]  110.3MB/111.3MB
 25b77f59fd95 Extracting [==================================================>]  111.3MB/111.3MB
 25b77f59fd95 Pull complete 
 6c25da34e03f Extracting [==================================================>]  9.669kB/9.669kB
 6c25da34e03f Extracting [==================================================>]  9.669kB/9.669kB
 6c25da34e03f Pull complete 
 a88782f92806 Extracting [==================================================>]     128B/128B
 a88782f92806 Extracting [==================================================>]     128B/128B
 a88782f92806 Pull complete 
 d8d21be4bf02 Extracting [==================================================>]     169B/169B
 d8d21be4bf02 Extracting [==================================================>]     169B/169B
 d8d21be4bf02 Pull complete 
 6117bd39f23f Extracting [==================================================>]  6.111kB/6.111kB
 6117bd39f23f Extracting [==================================================>]  6.111kB/6.111kB
 6117bd39f23f Pull complete 
 509688edf37b Extracting [==================================================>]     185B/185B
 509688edf37b Extracting [==================================================>]     185B/185B
 509688edf37b Pull complete 
 postgres Pulled 
time="2026-10-07T12:19:12Z" level=warning msg="Docker Compose is configured to build using Bake, but buildx isn't installed"
#0 building with "default" instance using docker driver

#1 [backend internal] load build definition from Dockerfile
#1 transferring dockerfile:
#1 transferring dockerfile: 416B 0.1s done
#1 DONE 0.5s

#2 [backend internal] load metadata for docker.io/library/python:3.12-slim
#2 DONE 4.2s

#3 [backend internal] load .dockerignore
#3 transferring context:
#3 transferring context: 95B done
#3 DONE 0.2s

#4 [backend internal] load build context
#4 transferring context: 8.72kB 0.0s done
#4 DONE 0.1s

#5 [backend 1/7] FROM docker.io/library/python:3.12-slim@sha256:05cda9777409a9c3ffddd94a4c476b79f0769a0b4857f0c7ed9226b6800b0d6f
#5 resolve docker.io/library/python:3.12-slim@sha256:05cda9777409a9c3ffddd94a4c476b79f0769a0b4857f0c7ed9226b6800b0d6f 0.1s done
#5 sha256:2b4f19dae3a777dfc3b76730bda1e82e1f66ab2a2686fa93ca78edbfb4f04ffe 1.75kB / 1.75kB done
#5 sha256:df18428df8a0f9189c84e7424d214b4c50092af1f9dca5842a00c41c39bda316 5.66kB / 5.66kB done
#5 sha256:ecc510c1e359bdc007b39802570bb7e4dec7d6ebccf357c3201a74299113e05e 0B / 29.84MB 0.1s
#5 sha256:75b6a36c64a1cf3520fc4b4aae4739d5caa8a6a05c27835a920a61784c9c32f8 0B / 1.29MB 0.1s
#5 sha256:6912e23eb44595b44dc6d9882b34f305ad6f6e9667cec70b13e5dbc4f8cd97f4 0B / 12.12MB 0.1s
#5 sha256:05cda9777409a9c3ffddd94a4c476b79f0769a0b4857f0c7ed9226b6800b0d6f 10.37kB / 10.37kB done
#5 sha256:ecc510c1e359bdc007b39802570bb7e4dec7d6ebccf357c3201a74299113e05e 6.46MB / 29.84MB 0.3s
#5 sha256:ecc510c1e359bdc007b39802570bb7e4dec7d6ebccf357c3201a74299113e05e 17.83MB / 29.84MB 0.4s
#5 sha256:ecc510c1e359bdc007b39802570bb7e4dec7d6ebccf357c3201a74299113e05e 29.84MB / 29.84MB 0.6s
#5 sha256:75b6a36c64a1cf3520fc4b4aae4739d5caa8a6a05c27835a920a61784c9c32f8 1.29MB / 1.29MB 0.6s
#5 sha256:6912e23eb44595b44dc6d9882b34f305ad6f6e9667cec70b13e5dbc4f8cd97f4 12.12MB / 12.12MB 0.8s
#5 sha256:ecc510c1e359bdc007b39802570bb7e4dec7d6ebccf357c3201a74299113e05e 29.84MB / 29.84MB 1.1s done
#5 sha256:75b6a36c64a1cf3520fc4b4aae4739d5caa8a6a05c27835a920a61784c9c32f8 1.29MB / 1.29MB 1.2s done
#5 extracting sha256:ecc510c1e359bdc007b39802570bb7e4dec7d6ebccf357c3201a74299113e05e 0.1s
#5 sha256:6912e23eb44595b44dc6d9882b34f305ad6f6e9667cec70b13e5dbc4f8cd97f4 12.12MB / 12.12MB 1.4s done
#5 sha256:bbc5a12237474ec0b23b5051260d56d6436a24d70d9cad961adebe7a037ed813 0B / 249B 1.6s
#5 sha256:bbc5a12237474ec0b23b5051260d56d6436a24d70d9cad961adebe7a037ed813 249B / 249B 1.7s done
#5 extracting sha256:ecc510c1e359bdc007b39802570bb7e4dec7d6ebccf357c3201a74299113e05e 2.2s done
#5 extracting sha256:75b6a36c64a1cf3520fc4b4aae4739d5caa8a6a05c27835a920a61784c9c32f8
#5 extracting sha256:75b6a36c64a1cf3520fc4b4aae4739d5caa8a6a05c27835a920a61784c9c32f8 0.4s done
#5 extracting sha256:6912e23eb44595b44dc6d9882b34f305ad6f6e9667cec70b13e5dbc4f8cd97f4
#5 extracting sha256:6912e23eb44595b44dc6d9882b34f305ad6f6e9667cec70b13e5dbc4f8cd97f4 1.8s done
#5 extracting sha256:bbc5a12237474ec0b23b5051260d56d6436a24d70d9cad961adebe7a037ed813
#5 extracting sha256:bbc5a12237474ec0b23b5051260d56d6436a24d70d9cad961adebe7a037ed813 done
#5 DONE 6.4s

#6 [backend 2/7] WORKDIR /app
#6 DONE 0.7s

#7 [backend 3/7] COPY requirements.txt .
#7 DONE 0.4s

#8 [backend 4/7] RUN pip install --no-cache-dir -r requirements.txt && useradd --create-home --uid 10001 appuser
#8 9.119 Collecting fastapi==0.115.6 (from -r requirements.txt (line 1))
#8 9.170   Downloading fastapi-0.115.6-py3-none-any.whl.metadata (27 kB)
#8 9.219 Collecting uvicorn==0.34.0 (from uvicorn[standard]==0.34.0->-r requirements.txt (line 2))
#8 9.222   Downloading uvicorn-0.34.0-py3-none-any.whl.metadata (6.5 kB)
#8 9.784 Collecting sqlalchemy==2.0.36 (from -r requirements.txt (line 3))
#8 9.786   Downloading SQLAlchemy-2.0.36-cp312-cp312-manylinux_2_17_x86_64.manylinux2014_x86_64.whl.metadata (9.7 kB)
#8 9.828 Collecting psycopg==3.2.3 (from psycopg[binary]==3.2.3->-r requirements.txt (line 4))
#8 9.839   Downloading psycopg-3.2.3-py3-none-any.whl.metadata (4.3 kB)
#8 9.864 Collecting pydantic-settings==2.7.1 (from -r requirements.txt (line 5))
#8 9.872   Downloading pydantic_settings-2.7.1-py3-none-any.whl.metadata (3.5 kB)
#8 9.893 Collecting prometheus-fastapi-instrumentator==7.0.2 (from -r requirements.txt (line 6))
#8 9.903   Downloading prometheus_fastapi_instrumentator-7.0.2-py3-none-any.whl.metadata (13 kB)
#8 9.941 Collecting alembic==1.14.0 (from -r requirements.txt (line 7))
#8 9.950   Downloading alembic-1.14.0-py3-none-any.whl.metadata (7.4 kB)
#8 10.01 Collecting pytest==8.3.4 (from -r requirements.txt (line 8))
#8 10.02   Downloading pytest-8.3.4-py3-none-any.whl.metadata (7.5 kB)
#8 10.05 Collecting httpx==0.28.1 (from -r requirements.txt (line 9))
#8 10.06   Downloading httpx-0.28.1-py3-none-any.whl.metadata (7.1 kB)
#8 10.12 Collecting starlette<0.42.0,>=0.40.0 (from fastapi==0.115.6->-r requirements.txt (line 1))
#8 10.13   Downloading starlette-0.41.3-py3-none-any.whl.metadata (6.0 kB)
#8 10.44 Collecting pydantic!=1.8,!=1.8.1,!=2.0.0,!=2.0.1,!=2.1.0,<3.0.0,>=1.7.4 (from fastapi==0.115.6->-r requirements.txt (line 1))
#8 10.45   Downloading pydantic-2.13.5-py3-none-any.whl.metadata (110 kB)
#8 10.48 Collecting typing-extensions>=4.8.0 (from fastapi==0.115.6->-r requirements.txt (line 1))
#8 10.49   Downloading typing_extensions-4.16.0-py3-none-any.whl.metadata (3.3 kB)
#8 10.51 Collecting click>=7.0 (from uvicorn==0.34.0->uvicorn[standard]==0.34.0->-r requirements.txt (line 2))
#8 10.52   Downloading click-8.5.0-py3-none-any.whl.metadata (2.6 kB)
#8 10.53 Collecting h11>=0.8 (from uvicorn==0.34.0->uvicorn[standard]==0.34.0->-r requirements.txt (line 2))
#8 10.54   Downloading h11-0.16.0-py3-none-any.whl.metadata (8.3 kB)
#8 10.86 Collecting greenlet!=0.4.17 (from sqlalchemy==2.0.36->-r requirements.txt (line 3))
#8 10.86   Downloading greenlet-3.5.6-cp312-cp312-manylinux_2_24_x86_64.manylinux_2_28_x86_64.whl.metadata (3.8 kB)
#8 10.98 Collecting python-dotenv>=0.21.0 (from pydantic-settings==2.7.1->-r requirements.txt (line 5))
#8 10.99   Downloading python_dotenv-1.2.4-py3-none-any.whl.metadata (29 kB)
#8 11.01 Collecting prometheus-client<1.0.0,>=0.8.0 (from prometheus-fastapi-instrumentator==7.0.2->-r requirements.txt (line 6))
#8 11.01   Downloading prometheus_client-0.26.0-py3-none-any.whl.metadata (2.1 kB)
#8 11.10 Collecting Mako (from alembic==1.14.0->-r requirements.txt (line 7))
#8 11.10   Downloading mako-1.4.3-py3-none-any.whl.metadata (2.9 kB)
#8 11.13 Collecting iniconfig (from pytest==8.3.4->-r requirements.txt (line 8))
#8 11.14   Downloading iniconfig-2.3.1-py3-none-any.whl.metadata (2.8 kB)
#8 11.17 Collecting packaging (from pytest==8.3.4->-r requirements.txt (line 8))
#8 11.18   Downloading packaging-26.3-py3-none-any.whl.metadata (3.5 kB)
#8 11.20 Collecting pluggy<2,>=1.5 (from pytest==8.3.4->-r requirements.txt (line 8))
#8 11.21   Downloading pluggy-1.6.0-py3-none-any.whl.metadata (4.8 kB)
#8 11.24 Collecting anyio (from httpx==0.28.1->-r requirements.txt (line 9))
#8 11.25   Downloading anyio-4.15.1-py3-none-any.whl.metadata (4.7 kB)
#8 11.27 Collecting certifi (from httpx==0.28.1->-r requirements.txt (line 9))
#8 11.28   Downloading certifi-2026.7.22-py3-none-any.whl.metadata (2.5 kB)
#8 11.31 Collecting httpcore==1.* (from httpx==0.28.1->-r requirements.txt (line 9))
#8 11.31   Downloading httpcore-1.0.9-py3-none-any.whl.metadata (21 kB)
#8 11.33 Collecting idna (from httpx==0.28.1->-r requirements.txt (line 9))
#8 11.34   Downloading idna-3.20-py3-none-any.whl.metadata (7.2 kB)
#8 11.67 Collecting psycopg-binary==3.2.3 (from psycopg[binary]==3.2.3->-r requirements.txt (line 4))
#8 11.68   Downloading psycopg_binary-3.2.3-cp312-cp312-manylinux_2_17_x86_64.manylinux2014_x86_64.whl.metadata (2.8 kB)
#8 11.74 Collecting httptools>=0.6.3 (from uvicorn[standard]==0.34.0->-r requirements.txt (line 2))
#8 11.75   Downloading httptools-0.8.0-cp312-cp312-manylinux1_x86_64.manylinux_2_28_x86_64.manylinux_2_5_x86_64.whl.metadata (3.5 kB)
#8 11.83 Collecting pyyaml>=5.1 (from uvicorn[standard]==0.34.0->-r requirements.txt (line 2))
#8 11.84   Downloading pyyaml-6.0.3-cp312-cp312-manylinux2014_x86_64.manylinux_2_17_x86_64.manylinux_2_28_x86_64.whl.metadata (2.4 kB)
#8 11.93 Collecting uvloop!=0.15.0,!=0.15.1,>=0.14.0 (from uvicorn[standard]==0.34.0->-r requirements.txt (line 2))
#8 11.94   Downloading uvloop-0.23.0-cp312-cp312-manylinux2014_x86_64.manylinux_2_17_x86_64.manylinux_2_28_x86_64.whl.metadata (5.1 kB)
#8 12.08 Collecting watchfiles>=0.13 (from uvicorn[standard]==0.34.0->-r requirements.txt (line 2))
#8 12.09   Downloading watchfiles-1.3.0-cp310-abi3-manylinux_2_17_x86_64.manylinux2014_x86_64.whl.metadata (4.9 kB)
#8 12.29 Collecting websockets>=10.4 (from uvicorn[standard]==0.34.0->-r requirements.txt (line 2))
#8 12.30   Downloading websockets-17.2-cp312-cp312-manylinux1_x86_64.manylinux_2_28_x86_64.manylinux_2_5_x86_64.whl.metadata (6.3 kB)
#8 12.33 Collecting annotated-types>=0.6.0 (from pydantic!=1.8,!=1.8.1,!=2.0.0,!=2.0.1,!=2.1.0,<3.0.0,>=1.7.4->fastapi==0.115.6->-r requirements.txt (line 1))
#8 12.33   Downloading annotated_types-0.8.0-py3-none-any.whl.metadata (15 kB)
#8 13.60 Collecting pydantic-core==2.46.5 (from pydantic!=1.8,!=1.8.1,!=2.0.0,!=2.0.1,!=2.1.0,<3.0.0,>=1.7.4->fastapi==0.115.6->-r requirements.txt (line 1))
#8 13.61   Downloading pydantic_core-2.46.5-cp312-cp312-manylinux_2_17_x86_64.manylinux2014_x86_64.whl.metadata (6.6 kB)
#8 13.63 Collecting typing-inspection>=0.4.2 (from pydantic!=1.8,!=1.8.1,!=2.0.0,!=2.0.1,!=2.1.0,<3.0.0,>=1.7.4->fastapi==0.115.6->-r requirements.txt (line 1))
#8 13.64   Downloading typing_inspection-0.4.4-py3-none-any.whl.metadata (2.6 kB)
#8 13.80 Collecting MarkupSafe>=2.0 (from Mako->alembic==1.14.0->-r requirements.txt (line 7))
#8 13.81   Downloading markupsafe-3.0.4-cp312-cp312-manylinux2014_x86_64.manylinux_2_17_x86_64.manylinux_2_28_x86_64.whl.metadata (2.7 kB)
#8 13.84 Downloading fastapi-0.115.6-py3-none-any.whl (94 kB)
#8 13.84 Downloading uvicorn-0.34.0-py3-none-any.whl (62 kB)
#8 13.85 Downloading SQLAlchemy-2.0.36-cp312-cp312-manylinux_2_17_x86_64.manylinux2014_x86_64.whl (3.2 MB)
#8 13.86    ━━━━━━━━━━━━━━━━━━━━━━━━━━━━━━━━━━━━━━━━ 3.2/3.2 MB 259.6 MB/s eta 0:00:00
#8 13.87 Downloading psycopg-3.2.3-py3-none-any.whl (197 kB)
#8 13.87 Downloading pydantic_settings-2.7.1-py3-none-any.whl (29 kB)
#8 13.88 Downloading prometheus_fastapi_instrumentator-7.0.2-py3-none-any.whl (18 kB)
#8 13.88 Downloading alembic-1.14.0-py3-none-any.whl (233 kB)
#8 13.89 Downloading pytest-8.3.4-py3-none-any.whl (343 kB)
#8 13.89 Downloading httpx-0.28.1-py3-none-any.whl (73 kB)
#8 13.90 Downloading httpcore-1.0.9-py3-none-any.whl (78 kB)
#8 13.90 Downloading psycopg_binary-3.2.3-cp312-cp312-manylinux_2_17_x86_64.manylinux2014_x86_64.whl (4.2 MB)
#8 13.92    ━━━━━━━━━━━━━━━━━━━━━━━━━━━━━━━━━━━━━━━━ 4.2/4.2 MB 340.8 MB/s eta 0:00:00
#8 13.92 Downloading click-8.5.0-py3-none-any.whl (125 kB)
#8 13.93 Downloading greenlet-3.5.6-cp312-cp312-manylinux_2_24_x86_64.manylinux_2_28_x86_64.whl (621 kB)
#8 13.93    ━━━━━━━━━━━━━━━━━━━━━━━━━━━━━━━━━━━━━━━ 621.4/621.4 kB 490.1 MB/s eta 0:00:00
#8 13.94 Downloading h11-0.16.0-py3-none-any.whl (37 kB)
#8 13.94 Downloading httptools-0.8.0-cp312-cp312-manylinux1_x86_64.manylinux_2_28_x86_64.manylinux_2_5_x86_64.whl (523 kB)
#8 13.95 Downloading pluggy-1.6.0-py3-none-any.whl (20 kB)
#8 13.95 Downloading prometheus_client-0.26.0-py3-none-any.whl (64 kB)
#8 13.95 Downloading pydantic-2.13.5-py3-none-any.whl (472 kB)
#8 13.96 Downloading pydantic_core-2.46.5-cp312-cp312-manylinux_2_17_x86_64.manylinux2014_x86_64.whl (2.1 MB)
#8 13.97    ━━━━━━━━━━━━━━━━━━━━━━━━━━━━━━━━━━━━━━━━ 2.1/2.1 MB 328.2 MB/s eta 0:00:00
#8 13.98 Downloading python_dotenv-1.2.4-py3-none-any.whl (23 kB)
#8 13.98 Downloading pyyaml-6.0.3-cp312-cp312-manylinux2014_x86_64.manylinux_2_17_x86_64.manylinux_2_28_x86_64.whl (807 kB)
#8 14.00    ━━━━━━━━━━━━━━━━━━━━━━━━━━━━━━━━━━━━━━━ 807.9/807.9 kB 122.3 MB/s eta 0:00:00
#8 14.01 Downloading starlette-0.41.3-py3-none-any.whl (73 kB)
#8 14.01 Downloading anyio-4.15.1-py3-none-any.whl (132 kB)
#8 14.02 Downloading idna-3.20-py3-none-any.whl (69 kB)
#8 14.02 Downloading typing_extensions-4.16.0-py3-none-any.whl (45 kB)
#8 14.03 Downloading uvloop-0.23.0-cp312-cp312-manylinux2014_x86_64.manylinux_2_17_x86_64.manylinux_2_28_x86_64.whl (4.5 MB)
#8 14.07    ━━━━━━━━━━━━━━━━━━━━━━━━━━━━━━━━━━━━━━━━ 4.5/4.5 MB 128.4 MB/s eta 0:00:00
#8 14.07 Downloading watchfiles-1.3.0-cp310-abi3-manylinux_2_17_x86_64.manylinux2014_x86_64.whl (458 kB)
#8 14.08 Downloading websockets-17.2-cp312-cp312-manylinux1_x86_64.manylinux_2_28_x86_64.manylinux_2_5_x86_64.whl (225 kB)
#8 14.08 Downloading certifi-2026.7.22-py3-none-any.whl (136 kB)
#8 14.08 Downloading iniconfig-2.3.1-py3-none-any.whl (7.6 kB)
#8 14.09 Downloading mako-1.4.3-py3-none-any.whl (80 kB)
#8 14.09 Downloading packaging-26.3-py3-none-any.whl (129 kB)
#8 14.10 Downloading annotated_types-0.8.0-py3-none-any.whl (13 kB)
#8 14.10 Downloading markupsafe-3.0.4-cp312-cp312-manylinux2014_x86_64.manylinux_2_17_x86_64.manylinux_2_28_x86_64.whl (22 kB)
#8 14.10 Downloading typing_inspection-0.4.4-py3-none-any.whl (14 kB)
#8 14.36 Installing collected packages: websockets, uvloop, typing-extensions, pyyaml, python-dotenv, psycopg-binary, prometheus-client, pluggy, packaging, MarkupSafe, iniconfig, idna, httptools, h11, greenlet, click, certifi, annotated-types, uvicorn, typing-inspection, sqlalchemy, pytest, pydantic-core, psycopg, Mako, httpcore, anyio, watchfiles, starlette, pydantic, httpx, alembic, pydantic-settings, prometheus-fastapi-instrumentator, fastapi
#8 21.18 Successfully installed Mako-1.4.3 MarkupSafe-3.0.4 alembic-1.14.0 annotated-types-0.8.0 anyio-4.15.1 certifi-2026.7.22 click-8.5.0 fastapi-0.115.6 greenlet-3.5.6 h11-0.16.0 httpcore-1.0.9 httptools-0.8.0 httpx-0.28.1 idna-3.20 iniconfig-2.3.1 packaging-26.3 pluggy-1.6.0 prometheus-client-0.26.0 prometheus-fastapi-instrumentator-7.0.2 psycopg-3.2.3 psycopg-binary-3.2.3 pydantic-2.13.5 pydantic-core-2.46.5 pydantic-settings-2.7.1 pytest-8.3.4 python-dotenv-1.2.4 pyyaml-6.0.3 sqlalchemy-2.0.36 starlette-0.41.3 typing-extensions-4.16.0 typing-inspection-0.4.4 uvicorn-0.34.0 uvloop-0.23.0 watchfiles-1.3.0 websockets-17.2
#8 21.18 WARNING: Running pip as the 'root' user can result in broken permissions and conflicting behaviour with the system package manager, possibly rendering your system unusable. It is recommended to use a virtual environment instead: https://pip.pypa.io/warnings/venv. Use the --root-user-action option if you know what you are doing and want to suppress this warning.
#8 21.41 
#8 21.41 [notice] A new release of pip is available: 25.0.1 -> 26.2.1
#8 21.41 [notice] To update, run: pip install --upgrade pip
#8 DONE 22.1s

#9 [backend 5/7] COPY alembic.ini ./
#9 DONE 0.1s

#10 [backend 6/7] COPY alembic ./alembic
#10 DONE 0.1s

#11 [backend 7/7] COPY app ./app
#11 DONE 0.1s

#12 [backend] exporting to image
#12 exporting layers
#12 exporting layers 1.4s done
#12 writing image sha256:66739a9ffbd36da1ce9943c5d7432972a2fbe5fd003e8e6b3e2def66b8ac5132 done
#12 naming to docker.io/library/taskboard-backend done
#12 DONE 1.5s

#13 [backend] resolving provenance for metadata file
#13 DONE 0.1s

#14 [frontend internal] load build definition from Dockerfile
#14 transferring dockerfile: 276B 0.0s done
#14 DONE 0.0s

#15 [frontend internal] load metadata for docker.io/library/node:22-alpine
#15 DONE 1.8s

#16 [frontend internal] load metadata for docker.io/library/nginx:1.27-alpine
#16 DONE 1.8s

#17 [frontend internal] load .dockerignore
#17 transferring context: 63B done
#17 DONE 0.0s

#18 [frontend stage-1 1/3] FROM docker.io/library/nginx:1.27-alpine@sha256:65645c7bb6a0661892a8b03b89d0743208a18dd2f3f17a54ef4b76fb8e2f2a10
#18 resolve docker.io/library/nginx:1.27-alpine@sha256:65645c7bb6a0661892a8b03b89d0743208a18dd2f3f17a54ef4b76fb8e2f2a10 0.1s done
#18 ...

#19 [frontend internal] load build context
#19 transferring context: 13.91kB 0.1s done
#19 DONE 0.1s

#18 [frontend stage-1 1/3] FROM docker.io/library/nginx:1.27-alpine@sha256:65645c7bb6a0661892a8b03b89d0743208a18dd2f3f17a54ef4b76fb8e2f2a10
#18 sha256:b464cfdf2a6319875aeb27359ec549790ce14d8214fcb16ef915e4530e5ed235 0B / 629B 0.1s
#18 sha256:65645c7bb6a0661892a8b03b89d0743208a18dd2f3f17a54ef4b76fb8e2f2a10 10.33kB / 10.33kB done
#18 sha256:62223d644fa234c3a1cc785ee14242ec47a77364226f1c811d2f669f96dc2ac8 2.50kB / 2.50kB done
#18 sha256:6769dc3a703c719c1d2756bda113659be28ae16cf0da58dd5fd823d6b9a050ea 10.79kB / 10.79kB done
#18 sha256:f18232174bc91741fdf3da96d85011092101a032a93a388b79e99e69c2d5c870 0B / 3.64MB 0.1s
#18 sha256:61ca4f733c802afd9e05a32f0de0361b6d713b8b53292dc15fb093229f648674 0B / 1.79MB 0.1s
#18 sha256:b464cfdf2a6319875aeb27359ec549790ce14d8214fcb16ef915e4530e5ed235 629B / 629B 0.2s done
#18 sha256:d7e5070240863957ebb0b5a44a5729963c3462666baa2947d00628cb5f2d5773 0B / 955B 0.3s
#18 extracting sha256:f18232174bc91741fdf3da96d85011092101a032a93a388b79e99e69c2d5c870
#18 sha256:f18232174bc91741fdf3da96d85011092101a032a93a388b79e99e69c2d5c870 3.64MB / 3.64MB 0.4s done
#18 sha256:81bd8ed7ec6789b0cb7f1b47ee731c522f6dba83201ec73cd6bca1350f582948 0B / 402B 0.5s
#18 sha256:61ca4f733c802afd9e05a32f0de0361b6d713b8b53292dc15fb093229f648674 1.79MB / 1.79MB 0.6s done
#18 sha256:d7e5070240863957ebb0b5a44a5729963c3462666baa2947d00628cb5f2d5773 955B / 955B 0.7s done
#18 extracting sha256:f18232174bc91741fdf3da96d85011092101a032a93a388b79e99e69c2d5c870 0.3s done
#18 sha256:81bd8ed7ec6789b0cb7f1b47ee731c522f6dba83201ec73cd6bca1350f582948 402B / 402B 0.7s done
#18 sha256:197eb75867ef4fcecd4724f17b0972ab0489436860a594a9445f8eaff8155053 0B / 1.21kB 0.8s
#18 sha256:34a64644b756511a2e217f0508e11d1a572085d66cd6dc9a555a082ad49a3102 0B / 1.40kB 0.8s
#18 extracting sha256:61ca4f733c802afd9e05a32f0de0361b6d713b8b53292dc15fb093229f648674
#18 sha256:39c2ddfd6010082a4a646e7ca44e95aca9bf3eaebc00f17f7ccc2954004f2a7d 0B / 15.52MB 0.8s
#18 sha256:197eb75867ef4fcecd4724f17b0972ab0489436860a594a9445f8eaff8155053 1.21kB / 1.21kB 0.9s done
#18 sha256:34a64644b756511a2e217f0508e11d1a572085d66cd6dc9a555a082ad49a3102 1.40kB / 1.40kB 0.9s
#18 extracting sha256:61ca4f733c802afd9e05a32f0de0361b6d713b8b53292dc15fb093229f648674 0.1s done
#18 sha256:34a64644b756511a2e217f0508e11d1a572085d66cd6dc9a555a082ad49a3102 1.40kB / 1.40kB 0.9s done
#18 sha256:39c2ddfd6010082a4a646e7ca44e95aca9bf3eaebc00f17f7ccc2954004f2a7d 5.24MB / 15.52MB 1.0s
#18 sha256:39c2ddfd6010082a4a646e7ca44e95aca9bf3eaebc00f17f7ccc2954004f2a7d 12.58MB / 15.52MB 1.1s
#18 extracting sha256:b464cfdf2a6319875aeb27359ec549790ce14d8214fcb16ef915e4530e5ed235 done
#18 extracting sha256:d7e5070240863957ebb0b5a44a5729963c3462666baa2947d00628cb5f2d5773 done
#18 extracting sha256:81bd8ed7ec6789b0cb7f1b47ee731c522f6dba83201ec73cd6bca1350f582948 done
#18 sha256:39c2ddfd6010082a4a646e7ca44e95aca9bf3eaebc00f17f7ccc2954004f2a7d 15.52MB / 15.52MB 1.2s done
#18 extracting sha256:197eb75867ef4fcecd4724f17b0972ab0489436860a594a9445f8eaff8155053 done
#18 extracting sha256:34a64644b756511a2e217f0508e11d1a572085d66cd6dc9a555a082ad49a3102 done
#18 extracting sha256:39c2ddfd6010082a4a646e7ca44e95aca9bf3eaebc00f17f7ccc2954004f2a7d
#18 extracting sha256:39c2ddfd6010082a4a646e7ca44e95aca9bf3eaebc00f17f7ccc2954004f2a7d 1.7s done
#18 DONE 5.7s

#20 [frontend build 1/6] FROM docker.io/library/node:22-alpine@sha256:0a7108bf6c7bf5de370ffb1a3ed6be93d405b43ff159f681a8d18c0e2bc2e402
#20 resolve docker.io/library/node:22-alpine@sha256:0a7108bf6c7bf5de370ffb1a3ed6be93d405b43ff159f681a8d18c0e2bc2e402 0.1s done
#20 sha256:7c3b093add7c43400ee83b815ab2cda98794a10045bcf76ce9bb2f89b97cbc5c 6.48kB / 6.48kB done
#20 sha256:0a7108bf6c7bf5de370ffb1a3ed6be93d405b43ff159f681a8d18c0e2bc2e402 6.41kB / 6.41kB done
#20 sha256:2c752226d477b4a886378baa95b9af252be59301b725fdb0b7e15208131505a8 1.72kB / 1.72kB done
#20 sha256:f7f2d304681aaa935c9cfd180850cf616ae843efce7682873d6521ded7268937 55.59MB / 55.59MB 1.7s done
#20 sha256:e554276b05e6306c5ad33cd85bfa7f0693083e21f6114db5abf60a20fb413039 1.26MB / 1.26MB 1.2s done
#20 sha256:d39db1cf9caa4f49c5a2e67111fbe6e0d5eea8ede550cb82f3dc2b79712688d6 447B / 447B 1.4s done
#20 extracting sha256:f7f2d304681aaa935c9cfd180850cf616ae843efce7682873d6521ded7268937 3.9s
#20 extracting sha256:f7f2d304681aaa935c9cfd180850cf616ae843efce7682873d6521ded7268937 5.3s done
#20 extracting sha256:e554276b05e6306c5ad33cd85bfa7f0693083e21f6114db5abf60a20fb413039
#20 extracting sha256:e554276b05e6306c5ad33cd85bfa7f0693083e21f6114db5abf60a20fb413039 0.1s done
#20 extracting sha256:d39db1cf9caa4f49c5a2e67111fbe6e0d5eea8ede550cb82f3dc2b79712688d6
#20 extracting sha256:d39db1cf9caa4f49c5a2e67111fbe6e0d5eea8ede550cb82f3dc2b79712688d6 done
#20 DONE 8.8s

#21 [frontend build 2/6] WORKDIR /app
#21 DONE 0.4s

#22 [frontend build 3/6] COPY package*.json ./
#22 DONE 0.3s

#23 [frontend build 4/6] RUN npm install
#23 20.33 
#23 20.33 added 19 packages, and audited 20 packages in 16s
#23 20.33 
#23 20.33 8 packages are looking for funding
#23 20.33   run `npm fund` for details
#23 20.33 
#23 20.33 found 0 vulnerabilities
#23 20.33 npm notice
#23 20.33 npm notice New major version of npm available! 10.9.9 -> 12.2.0
#23 20.33 npm notice Changelog: https://github.com/npm/cli/releases/tag/v12.2.0
#23 20.33 npm notice To update run: npm install -g npm@12.2.0
#23 20.33 npm notice
#23 DONE 20.8s

#24 [frontend build 5/6] COPY . .
#24 DONE 0.2s

#25 [frontend build 6/6] RUN npm run build
#25 1.267 
#25 1.267 > taskboard-frontend@1.0.0 build
#25 1.267 > vite build
#25 1.267 
#25 1.713 vite v8.3.3 building client environment for production...
#25 1.730 transforming...
#25 1.858 ✓ 15 modules transformed.
#25 1.909 rendering chunks...
#25 1.968 computing gzip size...
#25 1.974 dist/index.html                   0.34 kB │ gzip:  0.25 kB
#25 1.974 dist/assets/index-DkMuKOF6.css    6.40 kB │ gzip:  2.04 kB
#25 1.974 dist/assets/index-D65SfUwa.js   227.29 kB │ gzip: 70.88 kB
#25 1.974 
#25 1.975 ✓ built in 259ms
#25 DONE 2.1s

#26 [frontend stage-1 2/3] COPY --from=build /app/dist /usr/share/nginx/html
#26 DONE 0.1s

#27 [frontend stage-1 3/3] COPY nginx.conf /etc/nginx/conf.d/default.conf
#27 DONE 0.1s

#28 [frontend] exporting to image
#28 exporting layers
#28 exporting layers 0.2s done
#28 writing image sha256:54a5c5a66f9860b691b4bb5f44555c884898796ca54e3bdb65721db807b36980 0.0s done
#28 naming to docker.io/library/taskboard-frontend 0.0s done
#28 DONE 0.3s

#29 [frontend] resolving provenance for metadata file
#29 DONE 0.1s
 backend  Built
 frontend  Built
 Network taskboard_default  Creating
 Network taskboard_default  Created
 Volume taskboard_postgres-data  Creating
 Volume taskboard_postgres-data  Created
 Container taskboard-postgres-1  Creating
 Container taskboard-postgres-1  Created
 Container taskboard-backend-1  Creating
 Container taskboard-backend-1  Created
 Container taskboard-frontend-1  Creating
 Container taskboard-frontend-1  Created
 Container taskboard-postgres-1  Starting
 Container taskboard-postgres-1  Started
 Container taskboard-backend-1  Starting
 Container taskboard-backend-1  Started
 Container taskboard-frontend-1  Starting
 Container taskboard-frontend-1  Started
++ seq 1 60
+ for attempt in $(seq 1 60)
+ curl -fsS http://localhost:8000/ready
curl: (56) Recv failure: Connection reset by peer
+ sleep 2
+ for attempt in $(seq 1 60)
+ curl -fsS http://localhost:8000/ready
curl: (56) Recv failure: Connection reset by peer
+ sleep 2
+ for attempt in $(seq 1 60)
+ curl -fsS http://localhost:8000/ready
curl: (52) Empty reply from server
+ sleep 2
+ for attempt in $(seq 1 60)
+ curl -fsS http://localhost:8000/ready
{"status":"READY"}+ break
+ docker compose ps
NAME                   IMAGE                COMMAND                  SERVICE    CREATED         STATUS         PORTS
taskboard-backend-1    taskboard-backend    "sh -c 'alembic upgr…"   backend    9 seconds ago   Up 7 seconds   0.0.0.0:8000->8000/tcp, [::]:8000->8000/tcp
taskboard-frontend-1   taskboard-frontend   "/docker-entrypoint.…"   frontend   9 seconds ago   Up 6 seconds   0.0.0.0:3000->80/tcp, [::]:3000->80/tcp
taskboard-postgres-1   postgres:16-alpine   "docker-entrypoint.s…"   postgres   9 seconds ago   Up 8 seconds   0.0.0.0:5432->5432/tcp, [::]:5432->5432/tcp
+ curl -fsS http://localhost:8000/health
{"status":"UP"}+ curl -fsS http://localhost:8000/ready
{"status":"READY"}+ curl -fsS http://localhost:3000
+ head -c 500
<!doctype html><html><head><meta charset="UTF-8"/><meta name="viewport" content="width=device-width,initial-scale=1.0"/><title>TaskBoard</title>  <script type="module" crossorigin src="/assets/index-D65SfUwa.js"></script>
  <link rel="stylesheet" crossorigin href="/assets/index-DkMuKOF6.css">
</head><body><div id="root"></div></body></html>
+ docker compose exec -T backend pytest -v
============================= test session starts ==============================
platform linux -- Python 3.12.15, pytest-8.3.4, pluggy-1.6.0 -- /usr/local/bin/python3.12
cachedir: .pytest_cache
rootdir: /app
plugins: anyio-4.15.1
collecting ... collected 0 items

=============================== warnings summary ===============================
../usr/local/lib/python3.12/site-packages/_pytest/cacheprovider.py:475
  /usr/local/lib/python3.12/site-packages/_pytest/cacheprovider.py:475: PytestCacheWarning: could not create cache path /app/.pytest_cache/v/cache/nodeids: [Errno 13] Permission denied: '/app/pytest-cache-files-jhovzbuz'
    config.cache.set("cache/nodeids", sorted(self.cached_nodeids))

../usr/local/lib/python3.12/site-packages/_pytest/stepwise.py:51
  /usr/local/lib/python3.12/site-packages/_pytest/stepwise.py:51: PytestCacheWarning: could not create cache path /app/.pytest_cache/v/cache/stepwise: [Errno 13] Permission denied: '/app/pytest-cache-files-oi976ukk'
    session.config.cache.set(STEPWISE_CACHE_DIR, [])

-- Docs: https://docs.pytest.org/en/stable/how-to/capture-warnings.html
============================= 2 warnings in 0.02s ==============================
