+ cd '/home/coder/devops-sst/Final DevOps Project & Troubleshooting/taskboard'
+ docker compose up -d --build
time="2026-10-07T12:23:33Z" level=warning msg="Docker Compose is configured to build using Bake, but buildx isn't installed"
#0 building with "default" instance using docker driver

#1 [backend internal] load build definition from Dockerfile
#1 transferring dockerfile: 416B 0.0s done
#1 DONE 0.1s

#2 [backend internal] load metadata for docker.io/library/python:3.12-slim
#2 DONE 1.0s

#3 [backend internal] load .dockerignore
#3 transferring context:
#3 transferring context: 95B 0.0s done
#3 DONE 0.1s

#4 [backend 1/7] FROM docker.io/library/python:3.12-slim@sha256:05cda9777409a9c3ffddd94a4c476b79f0769a0b4857f0c7ed9226b6800b0d6f
#4 DONE 0.0s

#5 [backend internal] load build context
#5 transferring context: 480B 0.0s done
#5 DONE 0.2s

#6 [backend 3/7] COPY requirements.txt .
#6 CACHED

#7 [backend 4/7] RUN pip install --no-cache-dir -r requirements.txt && useradd --create-home --uid 10001 appuser
#7 CACHED

#8 [backend 5/7] COPY alembic.ini ./
#8 CACHED

#9 [backend 6/7] COPY alembic ./alembic
#9 CACHED

#10 [backend 2/7] WORKDIR /app
#10 CACHED

#11 [backend 7/7] COPY app ./app
#11 CACHED

#12 [backend] exporting to image
#12 exporting layers done
#12 writing image sha256:66739a9ffbd36da1ce9943c5d7432972a2fbe5fd003e8e6b3e2def66b8ac5132
#12 writing image sha256:66739a9ffbd36da1ce9943c5d7432972a2fbe5fd003e8e6b3e2def66b8ac5132 0.0s done
#12 naming to docker.io/library/taskboard-backend 0.1s done
#12 DONE 0.2s

#13 [backend] resolving provenance for metadata file
#13 DONE 0.4s

#14 [frontend internal] load build definition from Dockerfile
#14 transferring dockerfile: 276B 0.0s done
#14 DONE 0.1s

#15 [frontend internal] load metadata for docker.io/library/nginx:1.27-alpine
#15 ...

#16 [frontend internal] load metadata for docker.io/library/node:22-alpine
#16 DONE 0.9s

#15 [frontend internal] load metadata for docker.io/library/nginx:1.27-alpine
#15 DONE 0.9s

#17 [frontend internal] load .dockerignore
#17 transferring context: 63B 0.0s done
#17 DONE 0.1s

#18 [frontend stage-1 1/3] FROM docker.io/library/nginx:1.27-alpine@sha256:65645c7bb6a0661892a8b03b89d0743208a18dd2f3f17a54ef4b76fb8e2f2a10
#18 DONE 0.0s

#19 [frontend build 1/6] FROM docker.io/library/node:22-alpine@sha256:0a7108bf6c7bf5de370ffb1a3ed6be93d405b43ff159f681a8d18c0e2bc2e402
#19 DONE 0.0s

#20 [frontend internal] load build context
#20 transferring context: 279B 0.1s done
#20 DONE 0.2s

#21 [frontend build 6/6] RUN npm run build
#21 CACHED

#22 [frontend stage-1 2/3] COPY --from=build /app/dist /usr/share/nginx/html
#22 CACHED

#23 [frontend build 2/6] WORKDIR /app
#23 CACHED

#24 [frontend build 3/6] COPY package*.json ./
#24 CACHED

#25 [frontend build 4/6] RUN npm install
#25 CACHED

#26 [frontend build 5/6] COPY . .
#26 CACHED

#27 [frontend stage-1 3/3] COPY nginx.conf /etc/nginx/conf.d/default.conf
#27 CACHED

#28 [frontend] exporting to image
#28 exporting layers 0.0s done
#28 writing image sha256:54a5c5a66f9860b691b4bb5f44555c884898796ca54e3bdb65721db807b36980 0.0s done
#28 naming to docker.io/library/taskboard-frontend
#28 naming to docker.io/library/taskboard-frontend 0.1s done
#28 DONE 0.2s

#29 [frontend] resolving provenance for metadata file
#29 DONE 0.4s
 backend  Built
 frontend  Built
 Container taskboard-postgres-1  Running
 Container taskboard-backend-1  Running
 Container taskboard-frontend-1  Running
++ seq 1 60
+ for attempt in $(seq 1 60)
+ curl -fsS http://localhost:8000/ready
{"status":"READY"}+ break
+ docker compose ps
NAME                   IMAGE                COMMAND                  SERVICE    CREATED         STATUS         PORTS
taskboard-backend-1    taskboard-backend    "sh -c 'alembic upgr…"   backend    3 minutes ago   Up 3 minutes   0.0.0.0:8000->8000/tcp, [::]:8000->8000/tcp
taskboard-frontend-1   taskboard-frontend   "/docker-entrypoint.…"   frontend   3 minutes ago   Up 3 minutes   0.0.0.0:3000->80/tcp, [::]:3000->80/tcp
taskboard-postgres-1   postgres:16-alpine   "docker-entrypoint.s…"   postgres   3 minutes ago   Up 3 minutes   0.0.0.0:5432->5432/tcp, [::]:5432->5432/tcp
+ curl -fsS http://localhost:8000/health
{"status":"UP"}+ curl -fsS http://localhost:8000/ready
{"status":"READY"}+ curl -fsS http://localhost:3000
+ head -c 500
<!doctype html><html><head><meta charset="UTF-8"/><meta name="viewport" content="width=device-width,initial-scale=1.0"/><title>TaskBoard</title>  <script type="module" crossorigin src="/assets/index-D65SfUwa.js"></script>
  <link rel="stylesheet" crossorigin href="/assets/index-DkMuKOF6.css">
</head><body><div id="root"></div></body></html>
++ pwd
++ pwd
+ docker compose run --rm --no-deps -v '/home/coder/devops-sst/Final DevOps Project & Troubleshooting/taskboard/backend/tests:/app/tests:ro' -v '/home/coder/devops-sst/Final DevOps Project & Troubleshooting/taskboard/backend/pytest.ini:/app/pytest.ini:ro' backend pytest -v
============================= test session starts ==============================
platform linux -- Python 3.12.15, pytest-8.3.4, pluggy-1.6.0 -- /usr/local/bin/python3.12
cachedir: .pytest_cache
rootdir: /app
configfile: pytest.ini
plugins: anyio-4.15.1
collecting ... collected 10 items

tests/test_api.py::test_health PASSED                                    [ 10%]
tests/test_api.py::test_root PASSED                                      [ 20%]
tests/test_api.py::test_create_and_read_task PASSED                      [ 30%]
tests/test_api.py::test_list_tasks PASSED                                [ 40%]
tests/test_api.py::test_update_task PASSED                               [ 50%]
tests/test_api.py::test_delete_task PASSED                               [ 60%]
tests/test_api.py::test_missing_task PASSED                              [ 70%]
tests/test_api.py::test_invalid_payload PASSED                           [ 80%]
tests/test_api.py::test_stats PASSED                                     [ 90%]
tests/test_api.py::test_metrics PASSED                                   [100%]

=============================== warnings summary ===============================
../usr/local/lib/python3.12/site-packages/starlette/testclient.py:40
  /usr/local/lib/python3.12/site-packages/starlette/testclient.py:40: DeprecationWarning: The anyio.abc.BlockingPortal alias is deprecated, use anyio.from_thread.BlockingPortal instead.
    _PortalFactoryType = typing.Callable[[], typing.ContextManager[anyio.abc.BlockingPortal]]

app/main.py:16
  /app/app/main.py:16: DeprecationWarning: 
          on_event is deprecated, use lifespan event handlers instead.
  
          Read more about it in the
          [FastAPI docs for Lifespan Events](https://fastapi.tiangolo.com/advanced/events/).
          
    @app.on_event("startup")

../usr/local/lib/python3.12/site-packages/fastapi/applications.py:4495
  /usr/local/lib/python3.12/site-packages/fastapi/applications.py:4495: DeprecationWarning: 
          on_event is deprecated, use lifespan event handlers instead.
  
          Read more about it in the
          [FastAPI docs for Lifespan Events](https://fastapi.tiangolo.com/advanced/events/).
          
    return self.router.on_event(event_type)

../usr/local/lib/python3.12/site-packages/_pytest/cacheprovider.py:475
  /usr/local/lib/python3.12/site-packages/_pytest/cacheprovider.py:475: PytestCacheWarning: could not create cache path /app/.pytest_cache/v/cache/nodeids: [Errno 13] Permission denied: '/app/pytest-cache-files-6o1e82n2'
    config.cache.set("cache/nodeids", sorted(self.cached_nodeids))

../usr/local/lib/python3.12/site-packages/_pytest/stepwise.py:51
  /usr/local/lib/python3.12/site-packages/_pytest/stepwise.py:51: PytestCacheWarning: could not create cache path /app/.pytest_cache/v/cache/stepwise: [Errno 13] Permission denied: '/app/pytest-cache-files-qojk9dbc'
    session.config.cache.set(STEPWISE_CACHE_DIR, [])

-- Docs: https://docs.pytest.org/en/stable/how-to/capture-warnings.html
======================== 10 passed, 5 warnings in 3.78s ========================
+ curl -fsS -X POST http://localhost:8000/api/tasks -H 'Content-Type: application/json' -d '{"title":"DevOps SSH assignment","description":"Run Compose, capture evidence, document the results"}'
{"title":"DevOps SSH assignment","description":"Run Compose, capture evidence, document the results","priority":"MEDIUM","status":"TODO","assignee":"Unassigned","id":2,"created_at":"2026-10-07T12:24:32.762007Z"}+ curl -fsS http://localhost:8000/api/tasks
[{"title":"DevOps SSH assignment","description":"Run Compose, capture evidence, document the results","priority":"MEDIUM","status":"TODO","assignee":"Unassigned","id":2,"created_at":"2026-10-07T12:24:32.762007Z"},{"title":"Verify DevOps assignment","description":"Executed on devops-ritesh using SSH; capture Compose, API and database evidence.","priority":"HIGH","status":"TODO","assignee":"Ritesh Prajapati","id":1,"created_at":"2026-10-07T12:23:36.649102Z"}]+ curl -fsS http://localhost:8000/api/tasks/stats
{"total":2,"todo":2,"inProgress":0,"done":0}+ curl -fsS http://localhost:8000/metrics
+ head -n 20
# HELP python_gc_objects_collected_total Objects collected during gc
# TYPE python_gc_objects_collected_total counter
python_gc_objects_collected_total{generation="0"} 384.0
python_gc_objects_collected_total{generation="1"} 46.0
python_gc_objects_collected_total{generation="2"} 0.0
# HELP python_gc_objects_uncollectable_total Uncollectable objects found during GC
# TYPE python_gc_objects_uncollectable_total counter
python_gc_objects_uncollectable_total{generation="0"} 0.0
python_gc_objects_uncollectable_total{generation="1"} 0.0
python_gc_objects_uncollectable_total{generation="2"} 0.0
# HELP python_gc_collections_total Number of times this generation was collected
# TYPE python_gc_collections_total counter
python_gc_collections_total{generation="0"} 190.0
python_gc_collections_total{generation="1"} 17.0
python_gc_collections_total{generation="2"} 1.0
# HELP python_info Python platform information
# TYPE python_info gauge
python_info{implementation="CPython",major="3",minor="12",patchlevel="15",version="3.12.15"} 1.0
# HELP process_virtual_memory_bytes Virtual memory size in bytes.
# TYPE process_virtual_memory_bytes gauge
