+ export PATH=/home/coder/.local/bin:/home/coder/.local/bin:/home/coder/.local/bin:/home/coder/.local/bin:/usr/local/sbin:/usr/local/bin:/usr/sbin:/usr/bin:/sbin:/bin:/snap/bin
+ PATH=/home/coder/.local/bin:/home/coder/.local/bin:/home/coder/.local/bin:/home/coder/.local/bin:/usr/local/sbin:/usr/local/bin:/usr/sbin:/usr/bin:/sbin:/bin:/snap/bin
+ cd '/home/coder/devops-sst/Monitoring, Observability & GitOps/gitops'
+ kubectl create namespace argocd --dry-run=client -o yaml
+ kubectl apply -f -
namespace/argocd created
+ kubectl apply -n argocd --server-side --force-conflicts -f https://raw.githubusercontent.com/argoproj/argo-cd/v3.5.4/manifests/core-install.yaml
customresourcedefinition.apiextensions.k8s.io/applications.argoproj.io serverside-applied
customresourcedefinition.apiextensions.k8s.io/appprojects.argoproj.io serverside-applied
serviceaccount/argocd-application-controller serverside-applied
serviceaccount/argocd-applicationset-controller serverside-applied
serviceaccount/argocd-redis serverside-applied
serviceaccount/argocd-repo-server serverside-applied
role.rbac.authorization.k8s.io/argocd-application-controller serverside-applied
role.rbac.authorization.k8s.io/argocd-applicationset-controller serverside-applied
role.rbac.authorization.k8s.io/argocd-redis serverside-applied
clusterrole.rbac.authorization.k8s.io/argocd-application-controller serverside-applied
rolebinding.rbac.authorization.k8s.io/argocd-application-controller serverside-applied
rolebinding.rbac.authorization.k8s.io/argocd-applicationset-controller serverside-applied
rolebinding.rbac.authorization.k8s.io/argocd-redis serverside-applied
clusterrolebinding.rbac.authorization.k8s.io/argocd-application-controller serverside-applied
configmap/argocd-cm serverside-applied
configmap/argocd-cmd-params-cm serverside-applied
configmap/argocd-gpg-keys-cm serverside-applied
configmap/argocd-rbac-cm serverside-applied
configmap/argocd-ssh-known-hosts-cm serverside-applied
configmap/argocd-tls-certs-cm serverside-applied
secret/argocd-secret serverside-applied
service/argocd-applicationset-controller serverside-applied
service/argocd-metrics serverside-applied
service/argocd-redis serverside-applied
service/argocd-repo-server serverside-applied
deployment.apps/argocd-applicationset-controller serverside-applied
deployment.apps/argocd-redis serverside-applied
deployment.apps/argocd-repo-server serverside-applied
statefulset.apps/argocd-application-controller serverside-applied
networkpolicy.networking.k8s.io/argocd-application-controller-network-policy serverside-applied
networkpolicy.networking.k8s.io/argocd-applicationset-controller-network-policy serverside-applied
networkpolicy.networking.k8s.io/argocd-redis-network-policy serverside-applied
networkpolicy.networking.k8s.io/argocd-repo-server-network-policy serverside-applied
Error from server (Timeout): Timeout: request did not complete within requested timeout - context deadline exceeded
