+ kind=nginx-app
+ cd '/home/coder/devops-sst/Docker Fundamentals'
+ docker build -t homework-nginx-app nginx-app
DEPRECATED: The legacy builder is deprecated and will be removed in a future release.
            Install the buildx component to build images with BuildKit:
            https://docs.docker.com/go/buildx/

Sending build context to Docker daemon  3.072kB
Step 1/3 : FROM nginx:1.29-alpine
 ---> 812d47f806db
Step 2/3 : COPY index.html /usr/share/nginx/html/index.html
 ---> e60d85db5bef
Step 3/3 : EXPOSE 80
 ---> Running in 533a53572f3e
 ---> Removed intermediate container 533a53572f3e
 ---> 26e96a45653a
Successfully built 26e96a45653a
Successfully tagged homework-nginx-app:latest
+ docker rm -f homework-app
homework-app
+ port=80
+ case "$kind" in
+ docker run -d --name homework-app -p 8080:80 homework-nginx-app
d9dbae88f84bad1130f9af0d5443041d9a05098aa7801dbb4158c715259871c9
++ seq 1 30
+ for attempt in $(seq 1 30)
+ curl --max-time 15 -fsS http://localhost:8080
curl: (56) Recv failure: Connection reset by peer
+ sleep 2
+ for attempt in $(seq 1 30)
+ curl --max-time 15 -fsS http://localhost:8080
<!doctype html><html lang="en"><head><meta charset="utf-8"><title>Nginx</title></head><body><h1>Hello World from Nginx</h1></body></html>
+ break
+ curl --max-time 15 -fsS http://localhost:8080
<!doctype html><html lang="en"><head><meta charset="utf-8"><title>Nginx</title></head><body><h1>Hello World from Nginx</h1></body></html>
+ docker ps --filter name=homework-app
CONTAINER ID   IMAGE                COMMAND                  CREATED         STATUS         PORTS                                   NAMES
d9dbae88f84b   homework-nginx-app   "/docker-entrypoint.…"   2 seconds ago   Up 2 seconds   0.0.0.0:8080->80/tcp, :::8080->80/tcp   homework-app
+ docker logs homework-app
/docker-entrypoint.sh: /docker-entrypoint.d/ is not empty, will attempt to perform configuration
/docker-entrypoint.sh: Looking for shell scripts in /docker-entrypoint.d/
/docker-entrypoint.sh: Launching /docker-entrypoint.d/10-listen-on-ipv6-by-default.sh
10-listen-on-ipv6-by-default.sh: info: Getting the checksum of /etc/nginx/conf.d/default.conf
10-listen-on-ipv6-by-default.sh: info: Enabled listen on IPv6 in /etc/nginx/conf.d/default.conf
/docker-entrypoint.sh: Sourcing /docker-entrypoint.d/15-local-resolvers.envsh
/docker-entrypoint.sh: Launching /docker-entrypoint.d/20-envsubst-on-templates.sh
/docker-entrypoint.sh: Launching /docker-entrypoint.d/30-tune-worker-processes.sh
/docker-entrypoint.sh: Configuration complete; ready for start up
2026/10/07 13:13:04 [notice] 1#1: using the "epoll" event method
2026/10/07 13:13:04 [notice] 1#1: nginx/1.29.8
2026/10/07 13:13:04 [notice] 1#1: built by gcc 15.2.0 (Alpine 15.2.0) 
2026/10/07 13:13:04 [notice] 1#1: OS: Linux 5.15.0-1084-aws
2026/10/07 13:13:04 [notice] 1#1: getrlimit(RLIMIT_NOFILE): 1048576:1048576
2026/10/07 13:13:04 [notice] 1#1: start worker processes
2026/10/07 13:13:04 [notice] 1#1: start worker process 30
2026/10/07 13:13:04 [notice] 1#1: start worker process 31
172.17.0.1 - - [07/Oct/2026:13:13:06 +0000] "GET / HTTP/1.1" 200 138 "-" "curl/7.68.0" "-"
172.17.0.1 - - [07/Oct/2026:13:13:06 +0000] "GET / HTTP/1.1" 200 138 "-" "curl/7.68.0" "-"
