+ kind=nodejs-app
+ cd '/home/coder/devops-sst/Docker Fundamentals'
+ docker build -t homework-nodejs-app nodejs-app
DEPRECATED: The legacy builder is deprecated and will be removed in a future release.
            Install the buildx component to build images with BuildKit:
            https://docs.docker.com/go/buildx/

Sending build context to Docker daemon  4.096kB
Step 1/5 : FROM node:24-alpine
24-alpine: Pulling from library/node
e2de96513ba9: Already exists
3c504d5a797b: Pulling fs layer
02f40d53b06f: Pulling fs layer
7ce7dcbafb7f: Pulling fs layer
7ce7dcbafb7f: Verifying Checksum
7ce7dcbafb7f: Download complete
02f40d53b06f: Verifying Checksum
02f40d53b06f: Download complete
3c504d5a797b: Verifying Checksum
3c504d5a797b: Download complete
3c504d5a797b: Pull complete
02f40d53b06f: Pull complete
7ce7dcbafb7f: Pull complete
Digest: sha256:ebfe2f90462722a7a4de65e91990e97fe0d401c70e0e762c5b53302f905ec1c1
Status: Downloaded newer image for node:24-alpine
 ---> c10884952bb8
Step 2/5 : WORKDIR /app
 ---> Running in 131b65f637ef
 ---> Removed intermediate container 131b65f637ef
 ---> ff5590356108
Step 3/5 : COPY package.json server.js ./
 ---> 2ef7ff0b5f6d
Step 4/5 : EXPOSE 3000
 ---> Running in 28e05db345dd
 ---> Removed intermediate container 28e05db345dd
 ---> 5d362e651ad0
Step 5/5 : CMD ["npm", "start"]
 ---> Running in 47e83f4bfaa4
 ---> Removed intermediate container 47e83f4bfaa4
 ---> 4e88e544ee54
Successfully built 4e88e544ee54
Successfully tagged homework-nodejs-app:latest
+ docker rm -f homework-app
+ port=80
+ case "$kind" in
+ port=3000
+ docker run -d --name homework-app -p 8080:3000 homework-nodejs-app
d9a494bae1dc76b48b5f1698397993caa782ed30a541f386a17a25a3ee9e85fb
++ seq 1 30
+ for attempt in $(seq 1 30)
+ curl --max-time 15 -fsS http://localhost:8080
curl: (56) Recv failure: Connection reset by peer
+ sleep 2
+ for attempt in $(seq 1 30)
+ curl --max-time 15 -fsS http://localhost:8080
<h1>Hello World from Node.js</h1>+ break
+ curl --max-time 15 -fsS http://localhost:8080
<h1>Hello World from Node.js</h1>+ docker ps --filter name=homework-app
CONTAINER ID   IMAGE                 COMMAND                  CREATED         STATUS         PORTS                                       NAMES
d9a494bae1dc   homework-nodejs-app   "docker-entrypoint.s…"   3 seconds ago   Up 2 seconds   0.0.0.0:8080->3000/tcp, :::8080->3000/tcp   homework-app
+ docker logs homework-app

> docker-nodejs-hello-world@1.0.0 start
> node server.js

Listening on 3000
