+ kind=React-app
+ cd '/home/coder/devops-sst/Docker Fundamentals'
+ docker build -t homework-react-app React-app
DEPRECATED: The legacy builder is deprecated and will be removed in a future release.
            Install the buildx component to build images with BuildKit:
            https://docs.docker.com/go/buildx/

Sending build context to Docker daemon  6.656kB
Step 1/9 : FROM node:24-alpine AS build
 ---> c10884952bb8
Step 2/9 : WORKDIR /app
 ---> Using cache
 ---> ff5590356108
Step 3/9 : COPY package.json ./
 ---> b8113513f6df
Step 4/9 : RUN npm install
 ---> Running in ce1c9f08bd9d

added 19 packages, and audited 20 packages in 11s

8 packages are looking for funding
  run `npm fund` for details

found 0 vulnerabilities
[91mnpm notice
npm notice New major version of npm available! 11.19.0 -> 12.2.0
npm notice Changelog: https://github.com/npm/cli/releases/tag/v12.2.0
npm notice To update run: npm install -g npm@12.2.0
npm notice
[0m ---> Removed intermediate container ce1c9f08bd9d
 ---> 0b38f2f8597c
Step 5/9 : COPY . .
 ---> 8ffd9e453d06
Step 6/9 : RUN npm run build
 ---> Running in 6d6b0642d36e

> docker-react-hello-world@1.0.0 build
> vite build

vite v8.3.3 building client environment for production...
transforming...
✓ 15 modules transformed.
rendering chunks...
computing gzip size...
dist/index.html                   0.34 kB │ gzip:  0.25 kB
dist/assets/index-DZQhqfko.css    0.13 kB │ gzip:  0.13 kB
dist/assets/index-WX2R5SER.js   219.56 kB │ gzip: 68.57 kB

✓ built in 468ms
 ---> Removed intermediate container 6d6b0642d36e
 ---> 277ee7eb2558
Step 7/9 : FROM nginx:1.29-alpine
1.29-alpine: Pulling from library/nginx
6a0ac1617861: Pulling fs layer
82736a35d0e7: Pulling fs layer
583599bb7d38: Pulling fs layer
aee4e54b3865: Pulling fs layer
781ff50d2644: Pulling fs layer
453da7dbc73e: Pulling fs layer
4a8b0b2a5b19: Pulling fs layer
aee4e54b3865: Waiting
781ff50d2644: Waiting
453da7dbc73e: Waiting
612c0c1df4c5: Pulling fs layer
4a8b0b2a5b19: Waiting
612c0c1df4c5: Waiting
583599bb7d38: Verifying Checksum
583599bb7d38: Download complete
82736a35d0e7: Verifying Checksum
82736a35d0e7: Download complete
6a0ac1617861: Verifying Checksum
6a0ac1617861: Download complete
6a0ac1617861: Pull complete
82736a35d0e7: Pull complete
583599bb7d38: Pull complete
aee4e54b3865: Verifying Checksum
aee4e54b3865: Download complete
781ff50d2644: Verifying Checksum
781ff50d2644: Download complete
453da7dbc73e: Verifying Checksum
453da7dbc73e: Download complete
aee4e54b3865: Pull complete
781ff50d2644: Pull complete
453da7dbc73e: Pull complete
4a8b0b2a5b19: Verifying Checksum
4a8b0b2a5b19: Download complete
4a8b0b2a5b19: Pull complete
612c0c1df4c5: Verifying Checksum
612c0c1df4c5: Download complete
612c0c1df4c5: Pull complete
Digest: sha256:5616878291a2eed594aee8db4dade5878cf7edcb475e59193904b198d9b830de
Status: Downloaded newer image for nginx:1.29-alpine
 ---> 812d47f806db
Step 8/9 : COPY --from=build /app/dist /usr/share/nginx/html
 ---> 597cf1e6ab86
Step 9/9 : EXPOSE 80
 ---> Running in 71f3ce91e117
 ---> Removed intermediate container 71f3ce91e117
 ---> a2f17b140969
Successfully built a2f17b140969
Successfully tagged homework-react-app:latest
+ docker rm -f homework-app
homework-app
+ port=80
+ case "$kind" in
+ docker run -d --name homework-app -p 8080:80 homework-react-app
fc186a561ce9c4d196abb7449dbdb627724774200a156d9b602485385851e6a4
++ seq 1 30
+ for attempt in $(seq 1 30)
+ curl --max-time 15 -fsS http://localhost:8080
<!doctype html><html lang="en"><head><meta charset="UTF-8"><meta name="viewport" content="width=device-width,initial-scale=1"><title>React</title>  <script type="module" crossorigin src="/assets/index-WX2R5SER.js"></script>
  <link rel="stylesheet" crossorigin href="/assets/index-DZQhqfko.css">
</head><body><div id="root"></div></body></html>
+ break
+ curl --max-time 15 -fsS http://localhost:8080
<!doctype html><html lang="en"><head><meta charset="UTF-8"><meta name="viewport" content="width=device-width,initial-scale=1"><title>React</title>  <script type="module" crossorigin src="/assets/index-WX2R5SER.js"></script>
  <link rel="stylesheet" crossorigin href="/assets/index-DZQhqfko.css">
</head><body><div id="root"></div></body></html>
+ docker ps --filter name=homework-app
CONTAINER ID   IMAGE                COMMAND                  CREATED                  STATUS                  PORTS                                   NAMES
fc186a561ce9   homework-react-app   "/docker-entrypoint.…"   Less than a second ago   Up Less than a second   0.0.0.0:8080->80/tcp, :::8080->80/tcp   homework-app
+ docker logs homework-app
/docker-entrypoint.sh: /docker-entrypoint.d/ is not empty, will attempt to perform configuration
/docker-entrypoint.sh: Looking for shell scripts in /docker-entrypoint.d/
/docker-entrypoint.sh: Launching /docker-entrypoint.d/10-listen-on-ipv6-by-default.sh
10-listen-on-ipv6-by-default.sh: info: Getting the checksum of /etc/nginx/conf.d/default.conf
10-listen-on-ipv6-by-default.sh: info: Enabled listen on IPv6 in /etc/nginx/conf.d/default.conf
/docker-entrypoint.sh: Sourcing /docker-entrypoint.d/15-local-resolvers.envsh
/docker-entrypoint.sh: Launching /docker-entrypoint.d/20-envsubst-on-templates.sh
/docker-entrypoint.sh: Launching /docker-entrypoint.d/30-tune-worker-processes.sh
/docker-entrypoint.sh: Configuration complete; ready for start up
2026/10/07 13:12:54 [notice] 1#1: using the "epoll" event method
2026/10/07 13:12:54 [notice] 1#1: nginx/1.29.8
2026/10/07 13:12:54 [notice] 1#1: built by gcc 15.2.0 (Alpine 15.2.0) 
2026/10/07 13:12:54 [notice] 1#1: OS: Linux 5.15.0-1084-aws
2026/10/07 13:12:54 [notice] 1#1: getrlimit(RLIMIT_NOFILE): 1048576:1048576
2026/10/07 13:12:54 [notice] 1#1: start worker processes
2026/10/07 13:12:54 [notice] 1#1: start worker process 30
2026/10/07 13:12:54 [notice] 1#1: start worker process 31
172.17.0.1 - - [07/Oct/2026:13:12:54 +0000] "GET / HTTP/1.1" 200 345 "-" "curl/7.68.0" "-"
172.17.0.1 - - [07/Oct/2026:13:12:54 +0000] "GET / HTTP/1.1" 200 345 "-" "curl/7.68.0" "-"
