+ export PATH=/home/coder/.local/bin:/home/coder/.local/bin:/home/coder/.local/bin:/home/coder/.local/bin:/usr/local/sbin:/usr/local/bin:/usr/sbin:/usr/bin:/sbin:/bin:/snap/bin
+ PATH=/home/coder/.local/bin:/home/coder/.local/bin:/home/coder/.local/bin:/home/coder/.local/bin:/usr/local/sbin:/usr/local/bin:/usr/sbin:/usr/bin:/sbin:/bin:/snap/bin
+ cd '/home/coder/devops-sst/Kubernetes Pods, ReplicaSets & Deployments'
+ kubectl apply -f -
+ kubectl create namespace strategies --dry-run=client -o yaml
namespace/strategies created
+ kubectl apply -n strategies -f 01-rolling-update/deployment-v1.yaml -f 01-rolling-update/service.yaml
deployment.apps/app-rolling created
service/app-rolling-service created
+ kubectl rollout status deployment/app-rolling -n strategies --timeout=180s
Waiting for deployment spec update to be observed...
Waiting for deployment "app-rolling" rollout to finish: 0 out of 4 new replicas have been updated...
Waiting for deployment "app-rolling" rollout to finish: 0 of 4 updated replicas are available...
Waiting for deployment "app-rolling" rollout to finish: 1 of 4 updated replicas are available...
Waiting for deployment "app-rolling" rollout to finish: 2 of 4 updated replicas are available...
deployment "app-rolling" successfully rolled out
+ kubectl apply -n strategies -f 01-rolling-update/deployment-v2.yaml
deployment.apps/app-rolling configured
+ kubectl get pods -n strategies --show-labels
NAME                          READY   STATUS    RESTARTS   AGE   LABELS
app-rolling-d8556bc7f-7z89s   1/1     Running   0          20s   app=app-rolling,pod-template-hash=d8556bc7f,version=v1
app-rolling-d8556bc7f-l4wx4   1/1     Running   0          20s   app=app-rolling,pod-template-hash=d8556bc7f,version=v1
app-rolling-d8556bc7f-rrkgg   1/1     Running   0          20s   app=app-rolling,pod-template-hash=d8556bc7f,version=v1
app-rolling-d8556bc7f-xgqdg   1/1     Running   0          20s   app=app-rolling,pod-template-hash=d8556bc7f,version=v1
+ kubectl rollout status deployment/app-rolling -n strategies --timeout=180s
Waiting for deployment spec update to be observed...
Waiting for deployment "app-rolling" rollout to finish: 0 out of 4 new replicas have been updated...
Waiting for deployment "app-rolling" rollout to finish: 1 out of 4 new replicas have been updated...
Waiting for deployment "app-rolling" rollout to finish: 1 out of 4 new replicas have been updated...
Waiting for deployment "app-rolling" rollout to finish: 1 out of 4 new replicas have been updated...
Waiting for deployment "app-rolling" rollout to finish: 2 out of 4 new replicas have been updated...
Waiting for deployment "app-rolling" rollout to finish: 2 out of 4 new replicas have been updated...
Waiting for deployment "app-rolling" rollout to finish: 2 out of 4 new replicas have been updated...
Waiting for deployment "app-rolling" rollout to finish: 3 out of 4 new replicas have been updated...
Waiting for deployment "app-rolling" rollout to finish: 3 out of 4 new replicas have been updated...
Waiting for deployment "app-rolling" rollout to finish: 3 out of 4 new replicas have been updated...
Waiting for deployment "app-rolling" rollout to finish: 1 old replicas are pending termination...
Waiting for deployment "app-rolling" rollout to finish: 1 old replicas are pending termination...
deployment "app-rolling" successfully rolled out
+ kubectl rollout history deployment/app-rolling -n strategies
deployment.apps/app-rolling 
REVISION  CHANGE-CAUSE
1         <none>
2         <none>

+ kubectl delete -n strategies -f 01-rolling-update/deployment-v1.yaml -f 01-rolling-update/service.yaml
deployment.apps "app-rolling" deleted from strategies namespace
service "app-rolling-service" deleted from strategies namespace
+ kubectl apply -n strategies -f 02-blue-green/deployment-blue.yaml -f 02-blue-green/deployment-green.yaml -f 02-blue-green/service-blue.yaml
deployment.apps/app-blue created
deployment.apps/app-green created
service/myapp-service created
+ kubectl rollout status deployment/app-blue -n strategies --timeout=180s
Waiting for deployment "app-blue" rollout to finish: 0 out of 3 new replicas have been updated...
Waiting for deployment "app-blue" rollout to finish: 0 of 3 updated replicas are available...
Waiting for deployment "app-blue" rollout to finish: 1 of 3 updated replicas are available...
Waiting for deployment "app-blue" rollout to finish: 2 of 3 updated replicas are available...
deployment "app-blue" successfully rolled out
+ kubectl rollout status deployment/app-green -n strategies --timeout=180s
deployment "app-green" successfully rolled out
+ kubectl get endpoints myapp-service -n strategies
Warning: v1 Endpoints is deprecated in v1.33+; use discovery.k8s.io/v1 EndpointSlice
NAME            ENDPOINTS                                      AGE
myapp-service   10.244.0.53:80,10.244.0.54:80,10.244.0.55:80   14s
+ kubectl apply -n strategies -f 02-blue-green/service-green.yaml
service/myapp-service configured
+ kubectl get svc myapp-service -n strategies -o 'jsonpath={.spec.selector}'
{"app":"myapp","slot":"green"}+ kubectl get endpoints myapp-service -n strategies
Warning: v1 Endpoints is deprecated in v1.33+; use discovery.k8s.io/v1 EndpointSlice
NAME            ENDPOINTS                                      AGE
myapp-service   10.244.0.50:80,10.244.0.51:80,10.244.0.52:80   15s
+ kubectl delete -n strategies -f 02-blue-green/deployment-blue.yaml -f 02-blue-green/deployment-green.yaml -f 02-blue-green/service-blue.yaml
deployment.apps "app-blue" deleted from strategies namespace
deployment.apps "app-green" deleted from strategies namespace
service "myapp-service" deleted from strategies namespace
+ kubectl apply -n strategies -f 03-canary/deployment-stable.yaml -f 03-canary/deployment-canary.yaml -f 03-canary/service.yaml
deployment.apps/app-stable created
deployment.apps/app-canary created
service/myapp-canary-service created
+ kubectl rollout status deployment/app-stable -n strategies --timeout=180s
Waiting for deployment "app-stable" rollout to finish: 0 out of 9 new replicas have been updated...
Waiting for deployment "app-stable" rollout to finish: 0 of 9 updated replicas are available...
Waiting for deployment "app-stable" rollout to finish: 1 of 9 updated replicas are available...
Waiting for deployment "app-stable" rollout to finish: 2 of 9 updated replicas are available...
Waiting for deployment "app-stable" rollout to finish: 3 of 9 updated replicas are available...
Waiting for deployment "app-stable" rollout to finish: 4 of 9 updated replicas are available...
Waiting for deployment "app-stable" rollout to finish: 5 of 9 updated replicas are available...
Waiting for deployment "app-stable" rollout to finish: 6 of 9 updated replicas are available...
Waiting for deployment "app-stable" rollout to finish: 7 of 9 updated replicas are available...
Waiting for deployment "app-stable" rollout to finish: 8 of 9 updated replicas are available...
deployment "app-stable" successfully rolled out
+ kubectl rollout status deployment/app-canary -n strategies --timeout=180s
deployment "app-canary" successfully rolled out
+ kubectl get pods -n strategies -l app=myapp-canary --show-labels
NAME                          READY   STATUS    RESTARTS   AGE     LABELS
app-canary-66d9667c6d-7g8kg   1/1     Running   0          2m11s   app=myapp-canary,pod-template-hash=66d9667c6d,track=canary,version=v2
app-stable-6fb5776cb7-2lbd7   1/1     Running   0          2m5s    app=myapp-canary,pod-template-hash=6fb5776cb7,track=stable,version=v1
app-stable-6fb5776cb7-7wkm7   1/1     Running   0          2m7s    app=myapp-canary,pod-template-hash=6fb5776cb7,track=stable,version=v1
app-stable-6fb5776cb7-8n76s   1/1     Running   0          2m5s    app=myapp-canary,pod-template-hash=6fb5776cb7,track=stable,version=v1
app-stable-6fb5776cb7-fsq6n   1/1     Running   0          114s    app=myapp-canary,pod-template-hash=6fb5776cb7,track=stable,version=v1
app-stable-6fb5776cb7-hd8fl   1/1     Running   0          2m4s    app=myapp-canary,pod-template-hash=6fb5776cb7,track=stable,version=v1
app-stable-6fb5776cb7-hqx97   1/1     Running   0          2m14s   app=myapp-canary,pod-template-hash=6fb5776cb7,track=stable,version=v1
app-stable-6fb5776cb7-jjsbm   1/1     Running   0          2m7s    app=myapp-canary,pod-template-hash=6fb5776cb7,track=stable,version=v1
app-stable-6fb5776cb7-l7kb9   1/1     Running   0          113s    app=myapp-canary,pod-template-hash=6fb5776cb7,track=stable,version=v1
app-stable-6fb5776cb7-rzgwf   1/1     Running   0          2m5s    app=myapp-canary,pod-template-hash=6fb5776cb7,track=stable,version=v1
+ kubectl get endpoints myapp-canary-service -n strategies
Warning: v1 Endpoints is deprecated in v1.33+; use discovery.k8s.io/v1 EndpointSlice
NAME                   ENDPOINTS                                                  AGE
myapp-canary-service   10.244.0.56:80,10.244.0.57:80,10.244.0.58:80 + 7 more...   2m2s
+ kubectl delete -n strategies -f 03-canary/deployment-stable.yaml -f 03-canary/deployment-canary.yaml -f 03-canary/service.yaml
deployment.apps "app-stable" deleted from strategies namespace
deployment.apps "app-canary" deleted from strategies namespace
service "myapp-canary-service" deleted from strategies namespace
+ kubectl apply -n strategies -f 04-recreate/deployment-v1.yaml -f 04-recreate/service.yaml
deployment.apps/app-recreate created
service/app-recreate-service created
+ kubectl rollout status deployment/app-recreate -n strategies --timeout=180s
Waiting for deployment spec update to be observed...
Waiting for deployment "app-recreate" rollout to finish: 0 out of 3 new replicas have been updated...
Waiting for deployment "app-recreate" rollout to finish: 0 of 3 updated replicas are available...
Waiting for deployment "app-recreate" rollout to finish: 1 of 3 updated replicas are available...
Waiting for deployment "app-recreate" rollout to finish: 2 of 3 updated replicas are available...
deployment "app-recreate" successfully rolled out
+ kubectl apply -n strategies -f 04-recreate/deployment-v2.yaml
deployment.apps/app-recreate configured
+ kubectl get pods -n strategies
NAME                            READY   STATUS    RESTARTS   AGE
app-recreate-85dbcc9b6d-6zfn8   1/1     Running   0          46s
app-recreate-85dbcc9b6d-hcfrk   1/1     Running   0          47s
app-recreate-85dbcc9b6d-kxd88   1/1     Running   0          46s
+ kubectl rollout status deployment/app-recreate -n strategies --timeout=180s
Waiting for deployment "app-recreate" rollout to finish: 0 out of 3 new replicas have been updated...
Waiting for deployment "app-recreate" rollout to finish: 0 out of 3 new replicas have been updated...
Waiting for deployment "app-recreate" rollout to finish: 0 out of 3 new replicas have been updated...
Waiting for deployment "app-recreate" rollout to finish: 0 out of 3 new replicas have been updated...
Waiting for deployment "app-recreate" rollout to finish: 0 of 3 updated replicas are available...
Waiting for deployment "app-recreate" rollout to finish: 1 of 3 updated replicas are available...
Waiting for deployment "app-recreate" rollout to finish: 2 of 3 updated replicas are available...
deployment "app-recreate" successfully rolled out
+ kubectl get deploy app-recreate -n strategies -o 'jsonpath={.spec.strategy}'
{"type":"Recreate"}+ kubectl get pods -n strategies --show-labels
NAME                            READY   STATUS    RESTARTS   AGE   LABELS
app-recreate-7657cc58bd-5tbt5   1/1     Running   0          6s    app=app-recreate,pod-template-hash=7657cc58bd,version=v2
app-recreate-7657cc58bd-hh4gr   1/1     Running   0          6s    app=app-recreate,pod-template-hash=7657cc58bd,version=v2
app-recreate-7657cc58bd-zf5h8   1/1     Running   0          6s    app=app-recreate,pod-template-hash=7657cc58bd,version=v2
