+ cd '/home/coder/devops-sst/Final DevOps Project & Troubleshooting/taskboard'
+ docker compose start postgres
 Container taskboard-postgres-1  Starting
 Container taskboard-postgres-1  Started
++ seq 1 30
+ for attempt in $(seq 1 30)
+ docker compose exec -T postgres pg_isready -U taskboard
/var/run/postgresql:5432 - no response
+ sleep 2
+ for attempt in $(seq 1 30)
+ docker compose exec -T postgres pg_isready -U taskboard
/var/run/postgresql:5432 - accepting connections
+ break
+ echo 'TaskBoard demo password with newline: decoded bytes'
TaskBoard demo password with newline: decoded bytes
+ base64
+ base64 --decode
+ echo taskboard
+ od -An -tx1
 74 61 73 6b 62 6f 61 72 64 0a
+ echo 'Correct demo password: decoded bytes'
Correct demo password: decoded bytes
+ printf %s taskboard
+ od -An -tx1
+ base64 --decode
+ base64
 74 61 73 6b 62 6f 61 72 64
+ docker compose exec -T postgres sh -c 'PGPASSWORD=$(printf "taskboard\nx"); PGPASSWORD=${PGPASSWORD%x}; export PGPASSWORD; psql -h 127.0.0.1 -U taskboard -d taskboard -c "SELECT 1 AS verified_connection;"'
 verified_connection 
---------------------
                   1
(1 row)

+ echo 'Unexpected successful authentication with newline'
Unexpected successful authentication with newline
+ exit 1
