+ echo 'With echo: decoded bytes include trailing 0a'
With echo: decoded bytes include trailing 0a
+ echo taskboard
+ base64
+ base64 --decode
+ od -An -tx1
 74 61 73 6b 62 6f 61 72 64 0a
+ echo 'With printf: decoded bytes contain only the value'
With printf: decoded bytes contain only the value
+ printf %s taskboard
+ od -An -tx1
+ base64
+ base64 --decode
 74 61 73 6b 62 6f 61 72 64
++ echo taskboard
++ base64
+ with_newline=dGFza2JvYXJkCg==
++ base64
++ printf %s taskboard
+ without_newline=dGFza2JvYXJk
+ test dGFza2JvYXJkCg== '!=' dGFza2JvYXJk
+ echo 'Verified: printf removes the unintended newline'
Verified: printf removes the unintended newline
